
Connected!\nBlogger URL: https://www.blogger.com/blog/posts\nBlogger Title: Blogger：找不到页面\nPage content: 
登录
选择博客
连接错误。点击即可重试
新建博客…

设置

阅读列表
服务条款·隐私权·内容政策
找不到您的页面。
此页面可能已移动或不再存在。
首页\nLinks: [
  "https://www.blogger.com/?hl=zh-CN&tab=jj | ",
  "https://www.blogger.com/ | ",
  "https://www.blogger.com/blog/settings/ | 设置",
  "https://www.blogger.com/dashboard/reading | 阅读列表",
  "https://www.blogger.com/go/terms | 服务条款",
  "https://www.blogger.com/go/privacy | 隐私权",
  "https://www.blogger.com/go/contentpolicy | 内容政策",
  "https://www.blogger.com/?hl=zh-CN&tab=jj | ",
  "https://www.google.co.jp/intl/zh-CN/about/products?tab=jh | ",
  "https://accounts.google.com/ServiceLogin?service=blogger&passive=1209600&continue=https://www.blogger.com/blog/posts&followup=https://www.blogger.com/blog/posts&ec=GAZAHg | 登录",
  "https://www.blogger.com/ | ",
  "https://www.blogger.com/blog/settings/ | 设置",
  "https://www.blogger.com/dashboard/reading | 阅读列表",
  "https://www.blogger.com/go/terms | 服务条款",
  "https://www.blogger.com/go/privacy | 隐私权",
  "https://www.blogger.com/go/contentpolicy | 内容政策",
  "https://www.blogger.com/blog/posts/_ | 首页"
]\nHome URL: https://www.blogger.com/about/?bpli=1\nHome title: Blogger.com - 轻松创建独一无二的精美博客。\nFound blog selector!\nButtons: []\n[Done]\n